// Jest Snapshot v1, https://goo.gl/fbAQLP

exports[`SplashScreen renders correctly 1`] = `
<View
  collapsable={undefined}
>
  <Image
    source={
      Object {
        "testUri": "../../../src/assets/images/splash.png",
      }
    }
    style={
      Object {
        "height": "100%",
        "width": "100%",
      }
    }
  />
</View>
`;
